node_modules/framer-motion/dist/types.d-CQ4vRM6h.d.ts(50,16): error TS2503: Cannot find namespace 'React'.
node_modules/framer-motion/dist/types.d-CQ4vRM6h.d.ts(172,14): error TS2552: Cannot find name 'HTMLWebViewElement'. Did you mean 'HTMLVideoElement'?
node_modules/framer-motion/dist/types.d-CQ4vRM6h.d.ts(208,45): error TS2503: Cannot find namespace 'React'.
node_modules/framer-motion/dist/types/index.d.ts(1,23): error TS2688: Cannot find type definition file for 'react'.
node_modules/framer-motion/dist/types/index.d.ts(251,131): error TS2503: Cannot find namespace 'React'.
node_modules/framer-motion/dist/types/index.d.ts(304,16): error TS2503: Cannot find namespace 'React'.
node_modules/framer-motion/dist/types/index.d.ts(1279,47): error TS2503: Cannot find namespace 'React'.
node_modules/framer-motion/dist/types/index.d.ts(1287,51): error TS2503: Cannot find namespace 'React'.
node_modules/framer-motion/dist/types/index.d.ts(1287,82): error TS2503: Cannot find namespace 'React'.
src/lib/api.ts(4,15): error TS1343: The 'import.meta' meta-property is only allowed when the '--module' option is 'es2020', 'es2022', 'esnext', 'system', 'node16', 'node18', or 'nodenext'.
src/pages/admin/Dashboard.tsx(36,5): error TS17004: Cannot use JSX unless the '--jsx' flag is provided.
src/pages/admin/Dashboard.tsx(40,9): error TS17004: Cannot use JSX unless the '--jsx' flag is provided.
src/pages/admin/Dashboard.tsx(42,9): error TS17004: Cannot use JSX unless the '--jsx' flag is provided.
src/pages/admin/Dashboard.tsx(43,13): error TS17004: Cannot use JSX unless the '--jsx' flag is provided.
src/pages/admin/Dashboard.tsx(49,17): error TS17004: Cannot use JSX unless the '--jsx' flag is provided.
src/pages/admin/Dashboard.tsx(52,17): error TS17004: Cannot use JSX unless the '--jsx' flag is provided.
src/pages/admin/Dashboard.tsx(56,35): error TS17004: Cannot use JSX unless the '--jsx' flag is provided.
src/pages/admin/Dashboard.tsx(56,64): error TS17004: Cannot use JSX unless the '--jsx' flag is provided.
src/pages/admin/Dashboard.tsx(62,9): error TS17004: Cannot use JSX unless the '--jsx' flag is provided.
src/pages/admin/Dashboard.tsx(63,13): error TS17004: Cannot use JSX unless the '--jsx' flag is provided.
src/pages/admin/Dashboard.tsx(65,17): error TS17004: Cannot use JSX unless the '--jsx' flag is provided.
src/pages/admin/Dashboard.tsx(67,17): error TS17004: Cannot use JSX unless the '--jsx' flag is provided.
src/pages/admin/Dashboard.tsx(78,9): error TS17004: Cannot use JSX unless the '--jsx' flag is provided.
src/pages/admin/Dashboard.tsx(79,13): error TS17004: Cannot use JSX unless the '--jsx' flag is provided.
src/pages/admin/Dashboard.tsx(81,13): error TS17004: Cannot use JSX unless the '--jsx' flag is provided.
src/pages/admin/Dashboard.tsx(82,17): error TS17004: Cannot use JSX unless the '--jsx' flag is provided.
src/pages/admin/Dashboard.tsx(83,21): error TS17004: Cannot use JSX unless the '--jsx' flag is provided.
src/pages/admin/Dashboard.tsx(84,21): error TS17004: Cannot use JSX unless the '--jsx' flag is provided.
src/pages/admin/Dashboard.tsx(86,17): error TS17004: Cannot use JSX unless the '--jsx' flag is provided.
src/pages/admin/Dashboard.tsx(87,21): error TS17004: Cannot use JSX unless the '--jsx' flag is provided.
src/pages/admin/Dashboard.tsx(88,21): error TS17004: Cannot use JSX unless the '--jsx' flag is provided.
src/pages/admin/Dashboard.tsx(92,13): error TS17004: Cannot use JSX unless the '--jsx' flag is provided.
src/pages/admin/Dashboard.tsx(95,25): error TS17004: Cannot use JSX unless the '--jsx' flag is provided.
src/pages/admin/Dashboard.tsx(98,21): error TS17004: Cannot use JSX unless the '--jsx' flag is provided.
src/pages/admin/Dashboard.tsx(100,25): error TS17004: Cannot use JSX unless the '--jsx' flag is provided.
src/pages/admin/Dashboard.tsx(103,25): error TS17004: Cannot use JSX unless the '--jsx' flag is provided.
src/pages/admin/Dashboard.tsx(112,59): error TS17004: Cannot use JSX unless the '--jsx' flag is provided.
src/pages/admin/Dashboard.tsx(118,13): error TS17004: Cannot use JSX unless the '--jsx' flag is provided.
src/pages/admin/Dashboard.tsx(119,62): error TS17004: Cannot use JSX unless the '--jsx' flag is provided.
src/pages/admin/Dashboard.tsx(126,5): error TS17004: Cannot use JSX unless the '--jsx' flag is provided.
src/pages/admin/Dashboard.tsx(127,9): error TS17004: Cannot use JSX unless the '--jsx' flag is provided.
src/pages/admin/Dashboard.tsx(128,13): error TS17004: Cannot use JSX unless the '--jsx' flag is provided.
src/pages/admin/Dashboard.tsx(135,17): error TS17004: Cannot use JSX unless the '--jsx' flag is provided.
src/pages/admin/Dashboard.tsx(137,13): error TS17004: Cannot use JSX unless the '--jsx' flag is provided.
src/pages/admin/Dashboard.tsx(139,9): error TS17004: Cannot use JSX unless the '--jsx' flag is provided.
src/pages/admin/Dashboard.tsx(140,13): error TS17004: Cannot use JSX unless the '--jsx' flag is provided.
src/pages/admin/Dashboard.tsx(141,17): error TS17004: Cannot use JSX unless the '--jsx' flag is provided.
src/pages/admin/Dashboard.tsx(142,17): error TS17004: Cannot use JSX unless the '--jsx' flag is provided.
src/pages/admin/Dashboard.tsx(144,13): error TS17004: Cannot use JSX unless the '--jsx' flag is provided.
src/pages/admin/Dashboard.tsx(146,17): error TS17004: Cannot use JSX unless the '--jsx' flag is provided.
src/pages/admin/Dashboard.tsx(161,5): error TS17004: Cannot use JSX unless the '--jsx' flag is provided.
src/pages/admin/Dashboard.tsx(162,9): error TS17004: Cannot use JSX unless the '--jsx' flag is provided.
src/pages/admin/Dashboard.tsx(163,13): error TS17004: Cannot use JSX unless the '--jsx' flag is provided.
src/pages/admin/Dashboard.tsx(164,17): error TS17004: Cannot use JSX unless the '--jsx' flag is provided.
src/pages/admin/Dashboard.tsx(166,13): error TS17004: Cannot use JSX unless the '--jsx' flag is provided.
src/pages/admin/Dashboard.tsx(168,9): error TS17004: Cannot use JSX unless the '--jsx' flag is provided.
src/pages/admin/Dashboard.tsx(198,13): error TS17004: Cannot use JSX unless the '--jsx' flag is provided.
src/pages/admin/Dashboard.tsx(199,17): error TS17004: Cannot use JSX unless the '--jsx' flag is provided.
src/pages/admin/Dashboard.tsx(200,21): error TS17004: Cannot use JSX unless the '--jsx' flag is provided.
src/pages/admin/Dashboard.tsx(202,17): error TS17004: Cannot use JSX unless the '--jsx' flag is provided.
src/pages/admin/Dashboard.tsx(203,21): error TS17004: Cannot use JSX unless the '--jsx' flag is provided.
src/pages/admin/Dashboard.tsx(204,21): error TS17004: Cannot use JSX unless the '--jsx' flag is provided.
src/pages/admin/Dashboard.tsx(206,17): error TS17004: Cannot use JSX unless the '--jsx' flag is provided.
src/pages/admin/Dashboard.tsx(210,21): error TS17004: Cannot use JSX unless the '--jsx' flag is provided.
src/pages/admin/Dashboard.tsx(211,21): error TS17004: Cannot use JSX unless the '--jsx' flag is provided.
src/pages/admin/Dashboard.tsx(211,93): error TS17004: Cannot use JSX unless the '--jsx' flag is provided.
src/pages/admin/Dashboard.tsx(218,9): error TS17004: Cannot use JSX unless the '--jsx' flag is provided.
src/pages/admin/Dashboard.tsx(224,13): error TS17004: Cannot use JSX unless the '--jsx' flag is provided.
src/pages/admin/Dashboard.tsx(225,17): error TS17004: Cannot use JSX unless the '--jsx' flag is provided.
src/pages/admin/Dashboard.tsx(226,21): error TS17004: Cannot use JSX unless the '--jsx' flag is provided.
src/pages/admin/Dashboard.tsx(227,25): error TS17004: Cannot use JSX unless the '--jsx' flag is provided.
src/pages/admin/Dashboard.tsx(229,21): error TS17004: Cannot use JSX unless the '--jsx' flag is provided.
src/pages/admin/Dashboard.tsx(230,25): error TS17004: Cannot use JSX unless the '--jsx' flag is provided.
src/pages/admin/Dashboard.tsx(231,36): error TS17004: Cannot use JSX unless the '--jsx' flag is provided.
src/pages/admin/Dashboard.tsx(231,42): error TS17004: Cannot use JSX unless the '--jsx' flag is provided.
src/pages/admin/Dashboard.tsx(233,25): error TS17004: Cannot use JSX unless the '--jsx' flag is provided.
src/pages/admin/Dashboard.tsx(241,13): error TS17004: Cannot use JSX unless the '--jsx' flag is provided.
src/pages/admin/Dashboard.tsx(242,17): error TS17004: Cannot use JSX unless the '--jsx' flag is provided.
src/pages/admin/Dashboard.tsx(250,17): error TS17004: Cannot use JSX unless the '--jsx' flag is provided.
src/pages/admin/Dashboard.tsx(259,17): error TS17004: Cannot use JSX unless the '--jsx' flag is provided.
src/pages/admin/Dashboard.tsx(267,17): error TS17004: Cannot use JSX unless the '--jsx' flag is provided.
src/pages/admin/Dashboard.tsx(275,17): error TS17004: Cannot use JSX unless the '--jsx' flag is provided.
src/pages/admin/Dashboard.tsx(287,13): error TS17004: Cannot use JSX unless the '--jsx' flag is provided.
src/pages/admin/Dashboard.tsx(288,17): error TS17004: Cannot use JSX unless the '--jsx' flag is provided.
src/pages/admin/Dashboard.tsx(289,21): error TS17004: Cannot use JSX unless the '--jsx' flag is provided.
src/pages/admin/Dashboard.tsx(292,17): error TS17004: Cannot use JSX unless the '--jsx' flag is provided.
src/pages/admin/Dashboard.tsx(293,21): error TS17004: Cannot use JSX unless the '--jsx' flag is provided.
src/pages/admin/Dashboard.tsx(294,25): error TS17004: Cannot use JSX unless the '--jsx' flag is provided.
src/pages/admin/Dashboard.tsx(297,21): error TS17004: Cannot use JSX unless the '--jsx' flag is provided.
src/pages/admin/Dashboard.tsx(298,25): error TS17004: Cannot use JSX unless the '--jsx' flag is provided.
src/pages/admin/Dashboard.tsx(299,25): error TS17004: Cannot use JSX unless the '--jsx' flag is provided.
src/pages/admin/Dashboard.tsx(300,41): error TS17004: Cannot use JSX unless the '--jsx' flag is provided.
src/pages/admin/Dashboard.tsx(301,29): error TS17004: Cannot use JSX unless the '--jsx' flag is provided.
src/pages/admin/Dashboard.tsx(305,21): error TS17004: Cannot use JSX unless the '--jsx' flag is provided.
src/pages/admin/Dashboard.tsx(308,33): error TS17004: Cannot use JSX unless the '--jsx' flag is provided.
src/pages/admin/Dashboard.tsx(312,33): error TS17004: Cannot use JSX unless the '--jsx' flag is provided.
src/pages/admin/Dashboard.tsx(313,37): error TS2322: Type '{ key: any; type: string; title: string; time: string; status: any; }' is not assignable to type '{ title: string; time: string; type: string; status?: string; }'.
  Property 'key' does not exist on type '{ title: string; time: string; type: string; status?: string; }'.
src/pages/admin/Dashboard.tsx(321,29): error TS17004: Cannot use JSX unless the '--jsx' flag is provided.
src/pages/admin/Dashboard.tsx(322,33): error TS17004: Cannot use JSX unless the '--jsx' flag is provided.
src/pages/admin/Dashboard.tsx(323,33): error TS17004: Cannot use JSX unless the '--jsx' flag is provided.
src/pages/admin/Dashboard.tsx(328,21): error TS17004: Cannot use JSX unless the '--jsx' flag is provided.
src/pages/admin/Dashboard.tsx(329,46): error TS17004: Cannot use JSX unless the '--jsx' flag is provided.
src/pages/admin/Dashboard.tsx(335,13): error TS17004: Cannot use JSX unless the '--jsx' flag is provided.
src/pages/admin/Dashboard.tsx(336,17): error TS17004: Cannot use JSX unless the '--jsx' flag is provided.
src/pages/admin/Dashboard.tsx(337,21): error TS17004: Cannot use JSX unless the '--jsx' flag is provided.
src/pages/admin/Dashboard.tsx(338,25): error TS17004: Cannot use JSX unless the '--jsx' flag is provided.
src/pages/admin/Dashboard.tsx(339,25): error TS17004: Cannot use JSX unless the '--jsx' flag is provided.
src/pages/admin/Dashboard.tsx(341,21): error TS17004: Cannot use JSX unless the '--jsx' flag is provided.
src/pages/admin/Dashboard.tsx(342,25): error TS17004: Cannot use JSX unless the '--jsx' flag is provided.
src/pages/admin/Dashboard.tsx(343,25): error TS17004: Cannot use JSX unless the '--jsx' flag is provided.
src/pages/admin/Dashboard.tsx(344,25): error TS17004: Cannot use JSX unless the '--jsx' flag is provided.
src/pages/admin/Dashboard.tsx(345,25): error TS17004: Cannot use JSX unless the '--jsx' flag is provided.
src/pages/admin/Dashboard.tsx(349,17): error TS17004: Cannot use JSX unless the '--jsx' flag is provided.
src/pages/admin/Dashboard.tsx(353,21): error TS17004: Cannot use JSX unless the '--jsx' flag is provided.
src/pages/admin/Dashboard.tsx(354,21): error TS17004: Cannot use JSX unless the '--jsx' flag is provided.
src/pages/admin/Dashboard.tsx(355,25): error TS17004: Cannot use JSX unless the '--jsx' flag is provided.
src/pages/admin/Dashboard.tsx(356,25): error TS17004: Cannot use JSX unless the '--jsx' flag is provided.
src/pages/admin/Dashboard.tsx(357,34): error TS17004: Cannot use JSX unless the '--jsx' flag is provided.
src/pages/admin/Dashboard.tsx(359,25): error TS17004: Cannot use JSX unless the '--jsx' flag is provided.
src/pages/admin/Dashboard.tsx(360,29): error TS17004: Cannot use JSX unless the '--jsx' flag is provided.
src/pages/admin/Dashboard.tsx(361,29): error TS17004: Cannot use JSX unless the '--jsx' flag is provided.
src/pages/admin/Reservations.tsx(46,5): error TS17004: Cannot use JSX unless the '--jsx' flag is provided.
src/pages/admin/Reservations.tsx(47,9): error TS17004: Cannot use JSX unless the '--jsx' flag is provided.
src/pages/admin/Reservations.tsx(54,9): error TS17004: Cannot use JSX unless the '--jsx' flag is provided.
src/pages/admin/Reservations.tsx(60,13): error TS17004: Cannot use JSX unless the '--jsx' flag is provided.
src/pages/admin/Reservations.tsx(61,17): error TS17004: Cannot use JSX unless the '--jsx' flag is provided.
src/pages/admin/Reservations.tsx(62,21): error TS17004: Cannot use JSX unless the '--jsx' flag is provided.
src/pages/admin/Reservations.tsx(63,25): error TS17004: Cannot use JSX unless the '--jsx' flag is provided.
src/pages/admin/Reservations.tsx(70,63): error TS17004: Cannot use JSX unless the '--jsx' flag is provided.
src/pages/admin/Reservations.tsx(70,87): error TS17004: Cannot use JSX unless the '--jsx' flag is provided.
src/pages/admin/Reservations.tsx(73,25): error TS17004: Cannot use JSX unless the '--jsx' flag is provided.
src/pages/admin/Reservations.tsx(74,25): error TS17004: Cannot use JSX unless the '--jsx' flag is provided.
src/pages/admin/Reservations.tsx(76,21): error TS17004: Cannot use JSX unless the '--jsx' flag is provided.
src/pages/admin/Reservations.tsx(77,25): error TS17004: Cannot use JSX unless the '--jsx' flag is provided.
src/pages/admin/Reservations.tsx(81,17): error TS17004: Cannot use JSX unless the '--jsx' flag is provided.
src/pages/admin/Reservations.tsx(82,21): error TS17004: Cannot use JSX unless the '--jsx' flag is provided.
src/pages/admin/Reservations.tsx(83,25): error TS17004: Cannot use JSX unless the '--jsx' flag is provided.
src/pages/admin/Reservations.tsx(84,29): error TS17004: Cannot use JSX unless the '--jsx' flag is provided.
src/pages/admin/Reservations.tsx(85,29): error TS17004: Cannot use JSX unless the '--jsx' flag is provided.
src/pages/admin/Reservations.tsx(87,25): error TS17004: Cannot use JSX unless the '--jsx' flag is provided.
src/pages/admin/Reservations.tsx(89,21): error TS17004: Cannot use JSX unless the '--jsx' flag is provided.
src/pages/admin/Reservations.tsx(90,25): error TS17004: Cannot use JSX unless the '--jsx' flag is provided.
src/pages/admin/Reservations.tsx(91,29): error TS17004: Cannot use JSX unless the '--jsx' flag is provided.
src/pages/admin/Reservations.tsx(92,29): error TS17004: Cannot use JSX unless the '--jsx' flag is provided.
src/pages/admin/Reservations.tsx(94,25): error TS17004: Cannot use JSX unless the '--jsx' flag is provided.
src/pages/admin/Reservations.tsx(96,21): error TS17004: Cannot use JSX unless the '--jsx' flag is provided.
src/pages/admin/Reservations.tsx(97,25): error TS17004: Cannot use JSX unless the '--jsx' flag is provided.
src/pages/admin/Reservations.tsx(98,29): error TS17004: Cannot use JSX unless the '--jsx' flag is provided.
src/pages/admin/Reservations.tsx(99,29): error TS17004: Cannot use JSX unless the '--jsx' flag is provided.
src/pages/admin/Reservations.tsx(101,25): error TS17004: Cannot use JSX unless the '--jsx' flag is provided.
src/pages/admin/Reservations.tsx(105,21): error TS17004: Cannot use JSX unless the '--jsx' flag is provided.
src/pages/admin/Reservations.tsx(106,25): error TS17004: Cannot use JSX unless the '--jsx' flag is provided.
src/pages/admin/Reservations.tsx(107,29): error TS17004: Cannot use JSX unless the '--jsx' flag is provided.
src/pages/admin/Reservations.tsx(108,29): error TS17004: Cannot use JSX unless the '--jsx' flag is provided.
src/pages/admin/Reservations.tsx(110,25): error TS17004: Cannot use JSX unless the '--jsx' flag is provided.
src/pages/admin/Reservations.tsx(116,17): error TS17004: Cannot use JSX unless the '--jsx' flag is provided.
src/pages/admin/Reservations.tsx(117,21): error TS17004: Cannot use JSX unless the '--jsx' flag is provided.
src/pages/admin/Reservations.tsx(118,25): error TS17004: Cannot use JSX unless the '--jsx' flag is provided.
src/pages/admin/Reservations.tsx(119,29): error TS17004: Cannot use JSX unless the '--jsx' flag is provided.
src/pages/admin/Reservations.tsx(120,29): error TS17004: Cannot use JSX unless the '--jsx' flag is provided.
src/pages/admin/Reservations.tsx(122,25): error TS17004: Cannot use JSX unless the '--jsx' flag is provided.
src/pages/admin/Reservations.tsx(124,21): error TS17004: Cannot use JSX unless the '--jsx' flag is provided.
src/pages/admin/Reservations.tsx(125,25): error TS17004: Cannot use JSX unless the '--jsx' flag is provided.
src/pages/admin/Reservations.tsx(126,29): error TS17004: Cannot use JSX unless the '--jsx' flag is provided.
src/pages/admin/Reservations.tsx(127,29): error TS17004: Cannot use JSX unless the '--jsx' flag is provided.
src/pages/admin/Reservations.tsx(129,25): error TS17004: Cannot use JSX unless the '--jsx' flag is provided.
src/pages/admin/Reservations.tsx(133,17): error TS17004: Cannot use JSX unless the '--jsx' flag is provided.
src/pages/admin/Reservations.tsx(135,25): error TS17004: Cannot use JSX unless the '--jsx' flag is provided.
src/pages/admin/Reservations.tsx(143,25): error TS17004: Cannot use JSX unless the '--jsx' flag is provided.
src/pages/admin/Reservations.tsx(151,25): error TS17004: Cannot use JSX unless the '--jsx' flag is provided.
src/pages/admin/Reservations.tsx(160,13): error TS17004: Cannot use JSX unless the '--jsx' flag is provided.
src/pages/admin/Reservations.tsx(168,5): error TS17004: Cannot use JSX unless the '--jsx' flag is provided.
src/pages/admin/Reservations.tsx(169,9): error TS17004: Cannot use JSX unless the '--jsx' flag is provided.
src/pages/admin/Reservations.tsx(170,9): error TS17004: Cannot use JSX unless the '--jsx' flag is provided.
src/pages/admin/Reservations.tsx(171,13): error TS17004: Cannot use JSX unless the '--jsx' flag is provided.
src/pages/admin/Reservations.tsx(172,17): error TS17004: Cannot use JSX unless the '--jsx' flag is provided.
src/pages/admin/Reservations.tsx(174,13): error TS17004: Cannot use JSX unless the '--jsx' flag is provided.
src/pages/admin/Reservations.tsx(175,13): error TS17004: Cannot use JSX unless the '--jsx' flag is provided.
src/pages/admin/Reservations.tsx(176,13): error TS17004: Cannot use JSX unless the '--jsx' flag is provided.
src/pages/admin/Reservations.tsx(177,17): error TS17004: Cannot use JSX unless the '--jsx' flag is provided.
src/pages/admin/Reservations.tsx(178,17): error TS17004: Cannot use JSX unless the '--jsx' flag is provided.
src/pages/admin/Reservations.tsx(179,32): error TS17004: Cannot use JSX unless the '--jsx' flag is provided.
src/pages/admin/Reservations.tsx(186,80): error TS17004: Cannot use JSX unless the '--jsx' flag is provided.
src/pages/admin/Reservations.tsx(300,9): error TS17004: Cannot use JSX unless the '--jsx' flag is provided.
src/pages/admin/Reservations.tsx(301,13): error TS17004: Cannot use JSX unless the '--jsx' flag is provided.
src/pages/admin/Reservations.tsx(303,17): error TS17004: Cannot use JSX unless the '--jsx' flag is provided.
src/pages/admin/Reservations.tsx(304,21): error TS17004: Cannot use JSX unless the '--jsx' flag is provided.
src/pages/admin/Reservations.tsx(305,25): error TS17004: Cannot use JSX unless the '--jsx' flag is provided.
src/pages/admin/Reservations.tsx(307,33): error TS17004: Cannot use JSX unless the '--jsx' flag is provided.
src/pages/admin/Reservations.tsx(319,25): error TS17004: Cannot use JSX unless the '--jsx' flag is provided.
src/pages/admin/Reservations.tsx(320,25): error TS17004: Cannot use JSX unless the '--jsx' flag is provided.
src/pages/admin/Reservations.tsx(321,29): error TS17004: Cannot use JSX unless the '--jsx' flag is provided.
src/pages/admin/Reservations.tsx(321,212): error TS17004: Cannot use JSX unless the '--jsx' flag is provided.
src/pages/admin/Reservations.tsx(322,29): error TS17004: Cannot use JSX unless the '--jsx' flag is provided.
src/pages/admin/Reservations.tsx(323,33): error TS17004: Cannot use JSX unless the '--jsx' flag is provided.
src/pages/admin/Reservations.tsx(329,29): error TS17004: Cannot use JSX unless the '--jsx' flag is provided.
src/pages/admin/Reservations.tsx(329,211): error TS17004: Cannot use JSX unless the '--jsx' flag is provided.
src/pages/admin/Reservations.tsx(333,21): error TS17004: Cannot use JSX unless the '--jsx' flag is provided.
src/pages/admin/Reservations.tsx(334,25): error TS17004: Cannot use JSX unless the '--jsx' flag is provided.
src/pages/admin/Reservations.tsx(335,29): error TS17004: Cannot use JSX unless the '--jsx' flag is provided.
src/pages/admin/Reservations.tsx(336,29): error TS17004: Cannot use JSX unless the '--jsx' flag is provided.
src/pages/admin/Reservations.tsx(342,25): error TS17004: Cannot use JSX unless the '--jsx' flag is provided.
src/pages/admin/Reservations.tsx(342,141): error TS17004: Cannot use JSX unless the '--jsx' flag is provided.
src/pages/admin/Reservations.tsx(347,17): error TS17004: Cannot use JSX unless the '--jsx' flag is provided.
src/pages/admin/Reservations.tsx(348,21): error TS17004: Cannot use JSX unless the '--jsx' flag is provided.
src/pages/admin/Reservations.tsx(349,25): error TS17004: Cannot use JSX unless the '--jsx' flag is provided.
src/pages/admin/Reservations.tsx(350,25): error TS17004: Cannot use JSX unless the '--jsx' flag is provided.
src/pages/admin/Reservations.tsx(351,29): error TS17004: Cannot use JSX unless the '--jsx' flag is provided.
src/pages/admin/Reservations.tsx(352,29): error TS17004: Cannot use JSX unless the '--jsx' flag is provided.
src/pages/admin/Reservations.tsx(355,21): error TS17004: Cannot use JSX unless the '--jsx' flag is provided.
src/pages/admin/Reservations.tsx(356,25): error TS17004: Cannot use JSX unless the '--jsx' flag is provided.
src/pages/admin/Reservations.tsx(356,160): error TS17004: Cannot use JSX unless the '--jsx' flag is provided.
src/pages/admin/Reservations.tsx(357,25): error TS17004: Cannot use JSX unless the '--jsx' flag is provided.
src/pages/admin/Reservations.tsx(358,29): error TS17004: Cannot use JSX unless the '--jsx' flag is provided.
src/pages/admin/Reservations.tsx(359,29): error TS17004: Cannot use JSX unless the '--jsx' flag is provided.
src/pages/admin/Reservations.tsx(362,21): error TS17004: Cannot use JSX unless the '--jsx' flag is provided.
src/pages/admin/Reservations.tsx(363,25): error TS17004: Cannot use JSX unless the '--jsx' flag is provided.
src/pages/admin/Reservations.tsx(363,156): error TS17004: Cannot use JSX unless the '--jsx' flag is provided.
src/pages/admin/Reservations.tsx(364,25): error TS17004: Cannot use JSX unless the '--jsx' flag is provided.
src/pages/admin/Reservations.tsx(365,29): error TS17004: Cannot use JSX unless the '--jsx' flag is provided.
src/pages/admin/Reservations.tsx(366,29): error TS17004: Cannot use JSX unless the '--jsx' flag is provided.
src/pages/admin/Reservations.tsx(369,21): error TS17004: Cannot use JSX unless the '--jsx' flag is provided.
src/pages/admin/Reservations.tsx(370,25): error TS17004: Cannot use JSX unless the '--jsx' flag is provided.
src/pages/admin/Reservations.tsx(371,29): error TS17004: Cannot use JSX unless the '--jsx' flag is provided.
src/pages/admin/Reservations.tsx(372,29): error TS17004: Cannot use JSX unless the '--jsx' flag is provided.
src/pages/admin/Reservations.tsx(378,17): error TS17004: Cannot use JSX unless the '--jsx' flag is provided.
src/pages/admin/Reservations.tsx(379,21): error TS17004: Cannot use JSX unless the '--jsx' flag is provided.
src/pages/admin/Reservations.tsx(380,25): error TS17004: Cannot use JSX unless the '--jsx' flag is provided.
src/pages/admin/Reservations.tsx(382,29): error TS17004: Cannot use JSX unless the '--jsx' flag is provided.
src/pages/admin/Reservations.tsx(383,33): error TS17004: Cannot use JSX unless the '--jsx' flag is provided.
src/pages/admin/Reservations.tsx(384,37): error TS17004: Cannot use JSX unless the '--jsx' flag is provided.
src/pages/admin/Reservations.tsx(387,37): error TS17004: Cannot use JSX unless the '--jsx' flag is provided.
src/pages/admin/Reservations.tsx(388,41): error TS17004: Cannot use JSX unless the '--jsx' flag is provided.
src/pages/admin/Reservations.tsx(394,29): error TS17004: Cannot use JSX unless the '--jsx' flag is provided.
src/pages/admin/Reservations.tsx(422,41): error TS17004: Cannot use JSX unless the '--jsx' flag is provided.
src/pages/admin/Reservations.tsx(426,45): error TS17004: Cannot use JSX unless the '--jsx' flag is provided.
src/pages/admin/Reservations.tsx(427,61): error TS17004: Cannot use JSX unless the '--jsx' flag is provided.
src/pages/admin/Reservations.tsx(428,49): error TS17004: Cannot use JSX unless the '--jsx' flag is provided.
src/pages/admin/Reservations.tsx(429,53): error TS17004: Cannot use JSX unless the '--jsx' flag is provided.
src/pages/admin/Reservations.tsx(430,53): error TS17004: Cannot use JSX unless the '--jsx' flag is provided.
src/pages/admin/Reservations.tsx(432,69): error TS17004: Cannot use JSX unless the '--jsx' flag is provided.
src/pages/admin/Reservations.tsx(433,70): error TS17004: Cannot use JSX unless the '--jsx' flag is provided.
src/pages/admin/Reservations.tsx(436,45): error TS17004: Cannot use JSX unless the '--jsx' flag is provided.
src/pages/admin/Reservations.tsx(437,49): error TS17004: Cannot use JSX unless the '--jsx' flag is provided.
src/pages/admin/Reservations.tsx(438,74): error TS17004: Cannot use JSX unless the '--jsx' flag is provided.
src/pages/admin/Reservations.tsx(442,53): error TS17004: Cannot use JSX unless the '--jsx' flag is provided.
src/pages/admin/Reservations.tsx(452,65): error TS17004: Cannot use JSX unless the '--jsx' flag is provided.
src/pages/admin/Reservations.tsx(472,69): error TS17004: Cannot use JSX unless the '--jsx' flag is provided.
src/pages/admin/Reservations.tsx(473,73): error TS17004: Cannot use JSX unless the '--jsx' flag is provided.
src/pages/admin/Reservations.tsx(474,77): error TS17004: Cannot use JSX unless the '--jsx' flag is provided.
src/pages/admin/Reservations.tsx(478,112): error TS17004: Cannot use JSX unless the '--jsx' flag is provided.
src/pages/admin/Reservations.tsx(480,73): error TS17004: Cannot use JSX unless the '--jsx' flag is provided.
src/pages/admin/Reservations.tsx(487,69): error TS17004: Cannot use JSX unless the '--jsx' flag is provided.
src/pages/admin/Reservations.tsx(488,73): error TS17004: Cannot use JSX unless the '--jsx' flag is provided.
src/pages/admin/Reservations.tsx(489,77): error TS17004: Cannot use JSX unless the '--jsx' flag is provided.
src/pages/admin/Reservations.tsx(494,73): error TS17004: Cannot use JSX unless the '--jsx' flag is provided.
src/pages/admin/Reservations.tsx(513,17): error TS17004: Cannot use JSX unless the '--jsx' flag is provided.
src/pages/admin/Reservations.tsx(514,21): error TS17004: Cannot use JSX unless the '--jsx' flag is provided.
src/pages/admin/Reservations.tsx(517,21): error TS17004: Cannot use JSX unless the '--jsx' flag is provided.
src/pages/admin/Reservations.tsx(523,13): error TS17004: Cannot use JSX unless the '--jsx' flag is provided.
src/pages/admin/Reservations.tsx(525,21): error TS17004: Cannot use JSX unless the '--jsx' flag is provided.
src/pages/admin/Reservations.tsx(533,21): error TS17004: Cannot use JSX unless the '--jsx' flag is provided.
